// Jest Snapshot v1, https://goo.gl/fbAQLP

exports[`<Button /> should redner properly 1`] = `
<button
  className="Button"
>
  test
</button>
`;
