// Jest Snapshot v1, https://goo.gl/fbAQLP

exports[`<Loader/> should render properly 1`] = `
<div
  className="Loader"
>
  <Icon
    className="Loader__gif"
    src="test-mock"
  />
</div>
`;
